// Jest Snapshot v1, https://goo.gl/fbAQLP

exports[`c-sidenavigation renders visible menu 1`] = `
<c-sidenavigation class="desktop" menu-visible="true">
  <mock:shadow-root>
    <div class="c-sidenavigation__content c-sidenavigation__content--desktop">
      <nav class="c-sidenavigation desktop" role="menubar">
        <slot></slot>
        <div class="vertical-spacer"></div>
        <slot name="bottom"></slot>
      </nav>
    </div>
  </mock:shadow-root>
  <c-sidenavigationitem active="" href="google.com" target="_blank">
    Google
  </c-sidenavigationitem>
  <c-sidenavigationitem>
    Something
    <c-subnavigationitem active="" focusable="" href="somewhere.com" target="_blank"></c-subnavigationitem>
  </c-sidenavigationitem>
  <c-sidenavigationitem href="csc.fi" target="_blank">
    CSC
  </c-sidenavigationitem>
</c-sidenavigation>
`;
